


ARM Macro Assembler    Page 1 


    1 00000000         ; Put your name and a title for the program here
    2 00000000         
    3 00000000         ;;; Directives
    4 00000000                 PRESERVE8
    5 00000000                 THUMB
    6 00000000         
    7 00000000         
    8 00000000         ;;; Equates
    9 00000000         
   10 00000000 20001000 
                       INITIAL_MSP
                               EQU              0x20001000  ; Initial Main Stac
                                                            k Pointer Value All
                                                            ocating 
   11 00000000         ; 1000 bytes to the stack as it grows down.
   12 00000000         
   13 00000000         
   14 00000000         ; Vector Table Mapped to Address 0 at Reset
   15 00000000         ; Linker requires __Vectors to be exported
   16 00000000         
   17 00000000                 AREA             RESET, DATA, READONLY
   18 00000000                 EXPORT           __Vectors
   19 00000000         
   20 00000000 20001000 
                       __Vectors
                               DCD              INITIAL_MSP ; stack pointer val
                                                            ue when stack is em
                                                            pty
   21 00000004 00000000        DCD              Reset_Handler ; reset vector
   22 00000008         
   23 00000008                 ALIGN
   24 00000008         
   25 00000008         ;The program
   26 00000008         ; Linker requires Reset_Handler
   27 00000008         
   28 00000008                 AREA             MYCODE, CODE, READONLY
   29 00000000         
   30 00000000         
   31 00000000         
   32 00000000                 ENTRY
   33 00000000                 EXPORT           Reset_Handler
   34 00000000         
   35 00000000                 ALIGN
   36 00000000         
   37 00000000         
   38 00000000         Reset_Handler
   39 00000000         PROC
   40 00000000         
   41 00000000 F04F 0110       MOV              R1, #16
   42 00000004         
   43 00000004         endloop
   44 00000004 E7FE            b                endloop
   45 00000006         
   46 00000006         end
   47 00000006         
   48 00000006         
   49 00000006         
   50 00000006         
                       



ARM Macro Assembler    Page 2 


Command Line: --debug --xref --diag_suppress=9931 --cpu=Cortex-M3 --apcs=interw
ork --depend=.\objects\q1.d -o.\objects\q1.o -IC:\Keil_v5\ARM\RV31\INC -IC:\Kei
l_v5\ARM\CMSIS\Include -IC:\Keil_v5\ARM\Inc\ST\STM32F10x --predefine="__EVAL SE
TA 1" --predefine="__UVISION_VERSION SETA 521" --list=.\listings\q1.lst q1.s



ARM Macro Assembler    Page 1 Alphabetic symbol ordering
Relocatable symbols

RESET 00000000

Symbol: RESET
   Definitions
      At line 17 in file q1.s
   Uses
      None
Comment: RESET unused
__Vectors 00000000

Symbol: __Vectors
   Definitions
      At line 20 in file q1.s
   Uses
      At line 18 in file q1.s
Comment: __Vectors used once
2 symbols



ARM Macro Assembler    Page 1 Alphabetic symbol ordering
Relocatable symbols

MYCODE 00000000

Symbol: MYCODE
   Definitions
      At line 28 in file q1.s
   Uses
      None
Comment: MYCODE unused
PROC 00000000

Symbol: PROC
   Definitions
      At line 39 in file q1.s
   Uses
      None
Comment: PROC unused
Reset_Handler 00000000

Symbol: Reset_Handler
   Definitions
      At line 38 in file q1.s
   Uses
      At line 21 in file q1.s
      At line 33 in file q1.s

end 00000006

Symbol: end
   Definitions
      At line 46 in file q1.s
   Uses
      None
Comment: end unused
endloop 00000004

Symbol: endloop
   Definitions
      At line 43 in file q1.s
   Uses
      At line 44 in file q1.s
Comment: endloop used once
5 symbols



ARM Macro Assembler    Page 1 Alphabetic symbol ordering
Absolute symbols

INITIAL_MSP 20001000

Symbol: INITIAL_MSP
   Definitions
      At line 10 in file q1.s
   Uses
      At line 20 in file q1.s
Comment: INITIAL_MSP used once
1 symbol
340 symbols in table
