Component: ARM Compiler 5.06 update 3 (build 300) Tool: armlink [4d35c9]

==============================================================================

Section Cross References

    q1.o(RESET) refers to q1.o(MYCODE) for Reset_Handler


==============================================================================

Image Symbol Table

    Local Symbols

    Symbol Name                              Value     Ov Type        Size  Object(Section)

    q1.s                                     0x00000000   Number         0  q1.o ABSOLUTE
    RESET                                    0x08000000   Section        8  q1.o(RESET)
    MYCODE                                   0x08000008   Section       44  q1.o(MYCODE)

    Global Symbols

    Symbol Name                              Value     Ov Type        Size  Object(Section)

    BuildAttributes$$THM_ISAv4$P$D$K$B$S$PE$A:L22UL41UL21$X:L11$S22US41US21$IEEE1$IW$USESV6$~STKCKD$USESV7$~SHL$OSPACE$EBA8$STANDARDLIB$PRES8$EABIv2 0x00000000   Number         0  anon$$obj.o ABSOLUTE
    __Vectors                                0x08000000   Data           4  q1.o(RESET)
    Reset_Handler                            0x08000009   Thumb Code     0  q1.o(MYCODE)



==============================================================================

Memory Map of the image

  Image Entry point : 0x08000009

  Load Region LR_1 (Base: 0x08000000, Size: 0x00000034, Max: 0xffffffff, ABSOLUTE)

    Execution Region ER_RO (Base: 0x08000000, Size: 0x00000034, Max: 0xffffffff, ABSOLUTE)

    Base Addr    Size         Type   Attr      Idx    E Section Name        Object

    0x08000000   0x00000008   Data   RO            1    RESET               q1.o
    0x08000008   0x0000002c   Code   RO            2  * MYCODE              q1.o


    Execution Region ER_RW (Base: 0x20000000, Size: 0x00000000, Max: 0xffffffff, ABSOLUTE)

    **** No section assigned to this execution region ****


    Execution Region ER_ZI (Base: 0x20000000, Size: 0x00000000, Max: 0xffffffff, ABSOLUTE)

    **** No section assigned to this execution region ****


==============================================================================

Image component sizes


      Code (inc. data)   RO Data    RW Data    ZI Data      Debug   Object Name

        44          6          8          0          0        248   q1.o

    ----------------------------------------------------------------------
        44          6          8          0          0        248   Object Totals
         0          0          0          0          0          0   (incl. Generated)
         0          0          0          0          0          0   (incl. Padding)

    ----------------------------------------------------------------------
         0          0          0          0          0          0   Library Totals
         0          0          0          0          0          0   (incl. Padding)

    ----------------------------------------------------------------------

==============================================================================


      Code (inc. data)   RO Data    RW Data    ZI Data      Debug   

        44          6          8          0          0        248   Grand Totals
        44          6          8          0          0        248   ELF Image Totals
        44          6          8          0          0          0   ROM Totals

==============================================================================

    Total RO  Size (Code + RO Data)                   52 (   0.05kB)
    Total RW  Size (RW Data + ZI Data)                 0 (   0.00kB)
    Total ROM Size (Code + RO Data + RW Data)         52 (   0.05kB)

==============================================================================

